"C:\workshop\GitHub\SCAPE-MASTER\SCAPE\01 Source code\SCAPE_Inc247\Release\Win32\fromInt.obj"
"C:\workshop\GitHub\SCAPE-MASTER\SCAPE\01 Source code\SCAPE_Inc247\Release\Win32\global_data.obj"
"C:\workshop\GitHub\SCAPE-MASTER\SCAPE\01 Source code\SCAPE_Inc247\Release\Win32\Normal.obj"
"C:\workshop\GitHub\SCAPE-MASTER\SCAPE\01 Source code\SCAPE_Inc247\Release\Win32\xshore_dist_t_data.obj"
"C:\workshop\GitHub\SCAPE-MASTER\SCAPE\01 Source code\SCAPE_Inc247\Release\Win32\dump.obj"
"C:\workshop\GitHub\SCAPE-MASTER\SCAPE\01 Source code\SCAPE_Inc247\Release\Win32\local_data.obj"
"C:\workshop\GitHub\SCAPE-MASTER\SCAPE\01 Source code\SCAPE_Inc247\Release\Win32\exceptions.obj"
"C:\workshop\GitHub\SCAPE-MASTER\SCAPE\01 Source code\SCAPE_Inc247\Release\Win32\utilities.obj"
"C:\workshop\GitHub\SCAPE-MASTER\SCAPE\01 Source code\SCAPE_Inc247\Release\Win32\expand_sf.obj"
"C:\workshop\GitHub\SCAPE-MASTER\SCAPE\01 Source code\SCAPE_Inc247\Release\Win32\setup.obj"
"C:\workshop\GitHub\SCAPE-MASTER\SCAPE\01 Source code\SCAPE_Inc247\Release\Win32\SEDIMENT_TRANSPORT.obj"
"C:\workshop\GitHub\SCAPE-MASTER\SCAPE\01 Source code\SCAPE_Inc247\Release\Win32\WAVE_TRANSFORMATION.obj"
"C:\workshop\GitHub\SCAPE-MASTER\SCAPE\01 Source code\SCAPE_Inc247\Release\Win32\RegFalls3.obj"
"C:\workshop\GitHub\SCAPE-MASTER\SCAPE\01 Source code\SCAPE_Inc247\Release\Win32\BEACH_LOCATION.obj"
"C:\workshop\GitHub\SCAPE-MASTER\SCAPE\01 Source code\SCAPE_Inc247\Release\Win32\slump.obj"
"C:\workshop\GitHub\SCAPE-MASTER\SCAPE\01 Source code\SCAPE_Inc247\Release\Win32\xshore_dist_t.obj"
"C:\workshop\GitHub\SCAPE-MASTER\SCAPE\01 Source code\SCAPE_Inc247\Release\Win32\SeaLevelRise.obj"
"C:\workshop\GitHub\SCAPE-MASTER\SCAPE\01 Source code\SCAPE_Inc247\Release\Win32\vertical_grid.obj"
"C:\workshop\GitHub\SCAPE-MASTER\SCAPE\01 Source code\SCAPE_Inc247\Release\Win32\PLATFORM_EROSION.obj"
"C:\workshop\GitHub\SCAPE-MASTER\SCAPE\01 Source code\SCAPE_Inc247\Release\Win32\timestep.obj"
"C:\workshop\GitHub\SCAPE-MASTER\SCAPE\01 Source code\SCAPE_Inc247\Release\Win32\initialise.obj"
"C:\workshop\GitHub\SCAPE-MASTER\SCAPE\01 Source code\SCAPE_Inc247\Release\Win32\finish.obj"
"C:\workshop\GitHub\SCAPE-MASTER\SCAPE\01 Source code\SCAPE_Inc247\Release\Win32\RUN_SCAPE.obj"
